[2026-09-08T08:51:07.697Z] RUNNER: === BDNSI Autonomous Runner WAKE ===
[2026-09-08T08:51:07.960Z] RUNNER: Lock acquired: sidecar-1788857467954
[2026-09-08T08:51:08.011Z] RUNNER: Runner prompt written to C:\BDNSI\.ai\PERSISTENT_RUNNER_PROMPT.md
[2026-09-08T08:51:08.017Z] RUNNER: Runner prompt delivered. Antigravity IDE will pick up on next invocation.
[2026-09-08T08:51:08.018Z] RUNNER: === BDNSI Runner WAKE complete ===
[2026-09-08T08:51:08.019Z] RUNNER: Lock released.
[2026-09-08T09:06:32.228Z] RUNNER: === BDNSI Autonomous Runner WAKE ===
[2026-09-08T09:06:32.311Z] RUNNER: Lock acquired: sidecar-1788858392309
[2026-09-08T09:06:32.340Z] RUNNER: Runner prompt written to C:\BDNSI\.ai\PERSISTENT_RUNNER_PROMPT.md
[2026-09-08T09:06:32.342Z] RUNNER: Runner prompt delivered. Antigravity IDE will pick up on next invocation.
[2026-09-08T09:06:32.344Z] RUNNER: === BDNSI Runner WAKE complete ===
[2026-09-08T09:06:32.346Z] RUNNER: Lock released.
[2026-09-08T09:21:06.375Z] RUNNER: === BDNSI Autonomous Runner WAKE ===
[2026-09-08T09:21:06.485Z] RUNNER: Lock acquired: sidecar-1788859266462
[2026-09-08T09:21:06.517Z] RUNNER: Runner prompt written to C:\BDNSI\.ai\PERSISTENT_RUNNER_PROMPT.md
[2026-09-08T09:21:06.519Z] RUNNER: Runner prompt delivered. Antigravity IDE will pick up on next invocation.
[2026-09-08T09:21:06.520Z] RUNNER: === BDNSI Runner WAKE complete ===
[2026-09-08T09:21:06.522Z] RUNNER: Lock released.
[2026-09-08T09:36:14.407Z] RUNNER: === BDNSI Autonomous Runner WAKE ===
[2026-09-08T09:36:14.637Z] RUNNER: Lock acquired: sidecar-1788860174631
[2026-09-08T09:36:14.699Z] RUNNER: Runner prompt written to C:\BDNSI\.ai\PERSISTENT_RUNNER_PROMPT.md
[2026-09-08T09:36:14.702Z] RUNNER: Runner prompt delivered. Antigravity IDE will pick up on next invocation.
[2026-09-08T09:36:14.703Z] RUNNER: === BDNSI Runner WAKE complete ===
[2026-09-08T09:36:14.706Z] RUNNER: Lock released.
[2026-09-08T09:53:19.048Z] RUNNER: === BDNSI Autonomous Runner WAKE ===
[2026-09-08T09:53:20.396Z] RUNNER: Lock acquired: sidecar-1788861200175
[2026-09-08T09:53:20.445Z] RUNNER: Runner prompt written to C:\BDNSI\.ai\PERSISTENT_RUNNER_PROMPT.md
[2026-09-08T09:53:20.449Z] RUNNER: Runner prompt delivered. Antigravity IDE will pick up on next invocation.
[2026-09-08T09:53:20.450Z] RUNNER: === BDNSI Runner WAKE complete ===
[2026-09-08T09:53:20.451Z] RUNNER: Lock released.
[2026-09-08T10:06:05.798Z] RUNNER: === BDNSI Autonomous Runner WAKE ===
[2026-09-08T10:06:05.986Z] RUNNER: Lock acquired: sidecar-1788861965982
[2026-09-08T10:06:06.032Z] RUNNER: Runner prompt written to C:\BDNSI\.ai\PERSISTENT_RUNNER_PROMPT.md
[2026-09-08T10:06:06.034Z] RUNNER: Runner prompt delivered. Antigravity IDE will pick up on next invocation.
[2026-09-08T10:06:06.036Z] RUNNER: === BDNSI Runner WAKE complete ===
[2026-09-08T10:06:06.038Z] RUNNER: Lock released.
[2026-09-08T10:21:57.063Z] RUNNER: === BDNSI Autonomous Runner WAKE ===
[2026-09-08T10:21:57.125Z] RUNNER: Lock acquired: sidecar-1788862917121
[2026-09-08T10:21:57.184Z] RUNNER: Runner prompt written to C:\BDNSI\.ai\PERSISTENT_RUNNER_PROMPT.md
[2026-09-08T10:21:57.188Z] RUNNER: Runner prompt delivered. Antigravity IDE will pick up on next invocation.
[2026-09-08T10:21:57.190Z] RUNNER: === BDNSI Runner WAKE complete ===
[2026-09-08T10:21:57.195Z] RUNNER: Lock released.
[2026-09-08T10:36:10.329Z] RUNNER: === BDNSI Autonomous Runner WAKE ===
[2026-09-08T10:36:10.479Z] RUNNER: Lock acquired: sidecar-1788863770473
[2026-09-08T10:36:10.507Z] RUNNER: Runner prompt written to C:\BDNSI\.ai\PERSISTENT_RUNNER_PROMPT.md
[2026-09-08T10:36:10.511Z] RUNNER: Runner prompt delivered. Antigravity IDE will pick up on next invocation.
[2026-09-08T10:36:10.512Z] RUNNER: === BDNSI Runner WAKE complete ===
[2026-09-08T10:36:10.514Z] RUNNER: Lock released.
[2026-09-08T10:51:08.772Z] RUNNER: === BDNSI Autonomous Runner WAKE ===
[2026-09-08T10:51:09.080Z] RUNNER: Lock acquired: sidecar-1788864669076
[2026-09-08T10:51:09.123Z] RUNNER: Runner prompt written to C:\BDNSI\.ai\PERSISTENT_RUNNER_PROMPT.md
[2026-09-08T10:51:09.125Z] RUNNER: Runner prompt delivered. Antigravity IDE will pick up on next invocation.
[2026-09-08T10:51:09.137Z] RUNNER: === BDNSI Runner WAKE complete ===
[2026-09-08T10:51:09.139Z] RUNNER: Lock released.
[2026-09-08T11:06:38.782Z] RUNNER: === BDNSI Autonomous Runner WAKE ===
[2026-09-08T11:06:38.901Z] RUNNER: Lock acquired: sidecar-1788865598898
[2026-09-08T11:06:38.930Z] RUNNER: Runner prompt written to C:\BDNSI\.ai\PERSISTENT_RUNNER_PROMPT.md
[2026-09-08T11:06:38.938Z] RUNNER: Runner prompt delivered. Antigravity IDE will pick up on next invocation.
[2026-09-08T11:06:38.939Z] RUNNER: === BDNSI Runner WAKE complete ===
[2026-09-08T11:06:38.942Z] RUNNER: Lock released.
[2026-09-08T11:21:13.022Z] RUNNER: === BDNSI Autonomous Runner WAKE ===
[2026-09-08T11:21:13.229Z] RUNNER: Lock acquired: sidecar-1788866473227
[2026-09-08T11:21:13.234Z] RUNNER: Runner prompt written to C:\BDNSI\.ai\PERSISTENT_RUNNER_PROMPT.md
[2026-09-08T11:21:13.236Z] RUNNER: Runner prompt delivered. Antigravity IDE will pick up on next invocation.
[2026-09-08T11:21:13.237Z] RUNNER: === BDNSI Runner WAKE complete ===
[2026-09-08T11:21:13.238Z] RUNNER: Lock released.
[2026-09-08T11:36:02.981Z] RUNNER: === BDNSI Autonomous Runner WAKE ===
[2026-09-08T11:36:02.987Z] RUNNER: Lock acquired: sidecar-1788867362986
[2026-09-08T11:36:03.001Z] RUNNER: Runner prompt written to C:\BDNSI\.ai\PERSISTENT_RUNNER_PROMPT.md
[2026-09-08T11:36:03.004Z] RUNNER: Runner prompt delivered. Antigravity IDE will pick up on next invocation.
[2026-09-08T11:36:03.007Z] RUNNER: === BDNSI Runner WAKE complete ===
[2026-09-08T11:36:03.011Z] RUNNER: Lock released.
[2026-09-08T11:51:06.669Z] RUNNER: === BDNSI Autonomous Runner WAKE ===
[2026-09-08T11:51:06.858Z] RUNNER: Lock acquired: sidecar-1788868266854
[2026-09-08T11:51:06.902Z] RUNNER: Runner prompt written to C:\BDNSI\.ai\PERSISTENT_RUNNER_PROMPT.md
[2026-09-08T11:51:06.904Z] RUNNER: Runner prompt delivered. Antigravity IDE will pick up on next invocation.
[2026-09-08T11:51:06.932Z] RUNNER: === BDNSI Runner WAKE complete ===
[2026-09-08T11:51:06.934Z] RUNNER: Lock released.
[2026-09-08T12:06:02.874Z] RUNNER: === BDNSI Autonomous Runner WAKE ===
[2026-09-08T12:06:03.015Z] RUNNER: Lock acquired: sidecar-1788869162980
[2026-09-08T12:06:03.065Z] RUNNER: Runner prompt written to C:\BDNSI\.ai\PERSISTENT_RUNNER_PROMPT.md
[2026-09-08T12:06:03.068Z] RUNNER: Runner prompt delivered. Antigravity IDE will pick up on next invocation.
[2026-09-08T12:06:03.068Z] RUNNER: === BDNSI Runner WAKE complete ===
[2026-09-08T12:06:03.071Z] RUNNER: Lock released.
[2026-09-08T12:21:03.552Z] RUNNER: === BDNSI Autonomous Runner WAKE ===
[2026-09-08T12:21:03.605Z] RUNNER: Lock acquired: sidecar-1788870063603
[2026-09-08T12:21:03.615Z] RUNNER: Runner prompt written to C:\BDNSI\.ai\PERSISTENT_RUNNER_PROMPT.md
[2026-09-08T12:21:03.619Z] RUNNER: Runner prompt delivered. Antigravity IDE will pick up on next invocation.
[2026-09-08T12:21:03.620Z] RUNNER: === BDNSI Runner WAKE complete ===
[2026-09-08T12:21:03.623Z] RUNNER: Lock released.
[2026-09-08T13:09:44.425Z] RUNNER: === BDNSI Autonomous Runner WAKE ===
[2026-09-08T13:09:44.522Z] RUNNER: Lock acquired: sidecar-1788872984459
[2026-09-08T13:09:44.526Z] RUNNER: Runner prompt written to C:\BDNSI\.ai\PERSISTENT_RUNNER_PROMPT.md
[2026-09-08T13:09:44.528Z] RUNNER: Runner prompt delivered. Antigravity IDE will pick up on next invocation.
[2026-09-08T13:09:44.529Z] RUNNER: === BDNSI Runner WAKE complete ===
[2026-09-08T13:09:44.531Z] RUNNER: Lock released.
[2026-09-08T13:21:04.900Z] RUNNER: === BDNSI Autonomous Runner WAKE ===
[2026-09-08T13:21:05.040Z] RUNNER: Lock acquired: sidecar-1788873664921
[2026-09-08T13:21:05.076Z] RUNNER: Runner prompt written to C:\BDNSI\.ai\PERSISTENT_RUNNER_PROMPT.md
[2026-09-08T13:21:05.082Z] RUNNER: Runner prompt delivered. Antigravity IDE will pick up on next invocation.
[2026-09-08T13:21:05.085Z] RUNNER: === BDNSI Runner WAKE complete ===
[2026-09-08T13:21:05.087Z] RUNNER: Lock released.
[2026-09-08T13:36:03.177Z] RUNNER: === BDNSI Autonomous Runner WAKE ===
[2026-09-08T13:36:03.281Z] RUNNER: Lock acquired: sidecar-1788874563279
[2026-09-08T13:36:03.292Z] RUNNER: Runner prompt written to C:\BDNSI\.ai\PERSISTENT_RUNNER_PROMPT.md
[2026-09-08T13:36:03.295Z] RUNNER: Runner prompt delivered. Antigravity IDE will pick up on next invocation.
[2026-09-08T13:36:03.297Z] RUNNER: === BDNSI Runner WAKE complete ===
[2026-09-08T13:36:03.298Z] RUNNER: Lock released.
[2026-09-08T13:51:03.377Z] RUNNER: === BDNSI Autonomous Runner WAKE ===
[2026-09-08T13:51:03.429Z] RUNNER: Lock acquired: sidecar-1788875463426
[2026-09-08T13:51:03.435Z] RUNNER: Runner prompt written to C:\BDNSI\.ai\PERSISTENT_RUNNER_PROMPT.md
[2026-09-08T13:51:03.437Z] RUNNER: Runner prompt delivered. Antigravity IDE will pick up on next invocation.
[2026-09-08T13:51:03.441Z] RUNNER: === BDNSI Runner WAKE complete ===
[2026-09-08T13:51:03.442Z] RUNNER: Lock released.
[2026-09-08T14:06:03.287Z] RUNNER: === BDNSI Autonomous Runner WAKE ===
[2026-09-08T14:06:03.321Z] RUNNER: Lock acquired: sidecar-1788876363319
[2026-09-08T14:06:03.327Z] RUNNER: Runner prompt written to C:\BDNSI\.ai\PERSISTENT_RUNNER_PROMPT.md
[2026-09-08T14:06:03.331Z] RUNNER: Runner prompt delivered. Antigravity IDE will pick up on next invocation.
[2026-09-08T14:06:03.331Z] RUNNER: === BDNSI Runner WAKE complete ===
[2026-09-08T14:06:03.333Z] RUNNER: Lock released.
[2026-09-08T14:21:03.410Z] RUNNER: === BDNSI Autonomous Runner WAKE ===
[2026-09-08T14:21:03.469Z] RUNNER: Lock acquired: sidecar-1788877263467
[2026-09-08T14:21:03.476Z] RUNNER: Runner prompt written to C:\BDNSI\.ai\PERSISTENT_RUNNER_PROMPT.md
[2026-09-08T14:21:03.478Z] RUNNER: Runner prompt delivered. Antigravity IDE will pick up on next invocation.
[2026-09-08T14:21:03.479Z] RUNNER: === BDNSI Runner WAKE complete ===
[2026-09-08T14:21:03.509Z] RUNNER: Lock released.
[2026-09-08T14:36:04.606Z] RUNNER: === BDNSI Autonomous Runner WAKE ===
[2026-09-08T14:36:04.704Z] RUNNER: Lock acquired: sidecar-1788878164685
[2026-09-08T14:36:04.743Z] RUNNER: Runner prompt written to C:\BDNSI\.ai\PERSISTENT_RUNNER_PROMPT.md
[2026-09-08T14:36:04.745Z] RUNNER: Runner prompt delivered. Antigravity IDE will pick up on next invocation.
[2026-09-08T14:36:04.745Z] RUNNER: === BDNSI Runner WAKE complete ===
[2026-09-08T14:36:04.755Z] RUNNER: Lock released.
